// Jest Snapshot v1, https://goo.gl/fbAQLP

exports[`ListItem renders properly 1`] = `
<View
  accessibilityComponentType={undefined}
  accessibilityLabel={undefined}
  accessibilityTraits={undefined}
  accessible={true}
  collapsable={undefined}
  hasTVPreferredFocus={undefined}
  hitSlop={undefined}
  isTVSelectable={true}
  nativeID={undefined}
  onLayout={undefined}
  onResponderGrant={[Function]}
  onResponderMove={[Function]}
  onResponderRelease={[Function]}
  onResponderTerminate={[Function]}
  onResponderTerminationRequest={[Function]}
  onStartShouldSetResponder={[Function]}
  style={
    Object {
      "opacity": 1,
    }
  }
  testID={undefined}
  tvParallaxProperties={undefined}
>
  <View
    style={
      Object {
        "flexDirection": "row",
        "justifyContent": "space-between",
        "padding": 16,
      }
    }
  >
    <View
      style={
        Array [
          Object {
            "flexDirection": "row",
            "paddingRight": 8,
          },
          Object {
            "flexShrink": 1,
          },
        ]
      }
    >
      <Image
        source={
          Object {
            "testUri": "../../../src/shared/icons/ic_light_clouds.png",
          }
        }
        style={
          Object {
            "alignSelf": "center",
            "height": 36,
            "marginRight": 16,
            "width": 36,
          }
        }
      />
      <View
        style={
          Object {
            "flexShrink": 1,
          }
        }
      >
        <Text
          accessible={true}
          allowFontScaling={true}
          ellipsizeMode="tail"
          style={
            Object {
              "color": "rgba(0, 0, 0, 0.87)",
              "fontSize": 16,
              "fontWeight": "400",
              "lineHeight": 24,
            }
          }
        >
          Sunday
        </Text>
        <Text
          accessible={true}
          allowFontScaling={true}
          ellipsizeMode="tail"
          numberOfLines={1}
          style={
            Object {
              "color": "rgba(0, 0, 0, 0.54)",
            }
          }
        >
          Partly cloudy
        </Text>
      </View>
    </View>
    <View>
      <Text
        accessible={true}
        allowFontScaling={true}
        ellipsizeMode="tail"
        style={
          Object {
            "color": "rgba(0, 0, 0, 0.87)",
            "fontSize": 16,
            "fontWeight": "400",
            "lineHeight": 24,
          }
        }
      >
        65 °F
      </Text>
      <Text
        accessible={true}
        allowFontScaling={true}
        ellipsizeMode="tail"
        style={
          Object {
            "color": "rgba(0, 0, 0, 0.54)",
          }
        }
      >
        36 °F
      </Text>
    </View>
  </View>
</View>
`;
